[ {
  "key" : "chars1",
  "value1" : [ "a", "b", "c" ],
  "status" : "unchanged"
}, {
  "key" : "chars2",
  "value1" : [ "d", "e", "f" ],
  "value2" : false,
  "status" : "updated"
}, {
  "key" : "checked",
  "value1" : false,
  "value2" : true,
  "status" : "updated"
}, {
  "key" : "default",
  "value1" : null,
  "value2" : [ "value1", "value2" ],
  "status" : "updated"
}, {
  "key" : "id",
  "value1" : 45,
  "value2" : null,
  "status" : "updated"
}, {
  "key" : "key1",
  "value1" : "value1",
  "status" : "removed"
}, {
  "key" : "key2",
  "value2" : "value2",
  "status" : "added"
}, {
  "key" : "numbers1",
  "value1" : [ 1, 2, 3, 4 ],
  "status" : "unchanged"
}, {
  "key" : "numbers2",
  "value1" : [ 2, 3, 4, 5 ],
  "value2" : [ 22, 33, 44, 55 ],
  "status" : "updated"
}, {
  "key" : "numbers3",
  "value1" : [ 3, 4, 5 ],
  "status" : "removed"
}, {
  "key" : "numbers4",
  "value2" : [ 4, 5, 6 ],
  "status" : "added"
}, {
  "key" : "obj1",
  "value2" : {
    "nestedKey" : "value",
    "isNested" : true
  },
  "status" : "added"
}, {
  "key" : "setting1",
  "value1" : "Some value",
  "value2" : "Another value",
  "status" : "updated"
}, {
  "key" : "setting2",
  "value1" : 200,
  "value2" : 300,
  "status" : "updated"
}, {
  "key" : "setting3",
  "value1" : true,
  "value2" : "none",
  "status" : "updated"
} ]